Hello from Lisp!
Line 2
Line 3
